// Jest Snapshot v1, https://goo.gl/fbAQLP

exports[`SegmentedButton Basic Test (generated) 1`] = `
<DocumentFragment>
  <ui5-segmentedbutton />
</DocumentFragment>
`;
