// Jest Snapshot v1, https://goo.gl/fbAQLP

exports[`RadialChart loading placeholder 1`] = `
<div
  style="width: 50%; height: 300px;"
>
  <div
    class="recharts-responsive-container"
    style="width: 100%; height: 100%;"
  >
    <div
      style="position: absolute; width: 0px; height: 0px; visibility: hidden; display: none;"
    />
  </div>
</div>
`;
