// Jest Snapshot v1, https://goo.gl/fbAQLP

exports[`ObjectPageSection ObjectPage w/ lowercase title 1`] = `"<div role=\\"heading\\" class=\\"ObjectPageSection-header-0-2-1\\"><div class=\\"ObjectPageSection-title-0-2-2\\">Test</div></div><div class=\\"ObjectPageSection-sectionContent-0-2-4\\"><div class=\\"ObjectPageSection-sectionContentInner-0-2-5\\">This is my Text</div></div>"`;

exports[`ObjectPageSection Renders with children 1`] = `"<div role=\\"heading\\" class=\\"ObjectPageSection-header-0-2-1\\"><div class=\\"ObjectPageSection-title-0-2-2 ObjectPageSection-uppercase-0-2-3\\">Test</div></div><div class=\\"ObjectPageSection-sectionContent-0-2-4\\"><div class=\\"ObjectPageSection-sectionContentInner-0-2-5\\">This is my Text</div></div>"`;
