// Jest Snapshot v1, https://goo.gl/fbAQLP

exports[`Table/Pagination Showing middle numbers 1`] = `
<div
  class="Pagination-container-"
>
  <div
    class="Pagination-total-"
  >
    <span
      class="Label-label- Label-label-"
    >
      100 Items
    </span>
  </div>
  <a
    class="Link-link-"
    href="javascript:void(0)"
    target="_blank"
  >
    &lt;
  </a>
  <a
    class="Link-link-"
    href="javascript:void(0)"
    target="_blank"
  >
    1
  </a>
  <a
    class="Link-link-"
    href="javascript:void(0)"
    target="_blank"
  >
    ...
  </a>
  <a
    class="Link-link-"
    href="javascript:void(0)"
    target="_blank"
  >
    5
  </a>
  <a
    class="Link-link- Link-emphasized-"
    href="javascript:void(0)"
    target="_blank"
  >
    6
  </a>
  <a
    class="Link-link-"
    href="javascript:void(0)"
    target="_blank"
  >
    7
  </a>
  <a
    class="Link-link-"
    href="javascript:void(0)"
    target="_blank"
  >
    ...
  </a>
  <a
    class="Link-link-"
    href="javascript:void(0)"
    target="_blank"
  >
    10
  </a>
  <a
    class="Link-link-"
    href="javascript:void(0)"
    target="_blank"
  >
    &gt;
  </a>
</div>
`;

exports[`Table/Pagination With props 1`] = `
<div
  class="Pagination-container-"
>
  <div
    class="Pagination-total-"
  >
    <span
      class="Label-label- Label-label-"
    >
      100 Items
    </span>
  </div>
  <a
    class="Link-link-"
    href="javascript:void(0)"
    target="_blank"
  >
    &lt;
  </a>
  <a
    class="Link-link-"
    href="javascript:void(0)"
    target="_blank"
  >
    1
  </a>
  <a
    class="Link-link- Link-emphasized-"
    href="javascript:void(0)"
    target="_blank"
  >
    2
  </a>
  <a
    class="Link-link-"
    href="javascript:void(0)"
    target="_blank"
  >
    3
  </a>
  <a
    class="Link-link-"
    href="javascript:void(0)"
    target="_blank"
  >
    ...
  </a>
  <a
    class="Link-link-"
    href="javascript:void(0)"
    target="_blank"
  >
    10
  </a>
  <a
    class="Link-link-"
    href="javascript:void(0)"
    target="_blank"
  >
    &gt;
  </a>
</div>
`;
