// Jest Snapshot v1, https://goo.gl/fbAQLP

exports[`NotificationListItem Basic Test (generated) 1`] = `
<DocumentFragment>
  <ui5-li-notification
    priority="None"
    wrap="false"
  />
</DocumentFragment>
`;
