// Jest Snapshot v1, https://goo.gl/fbAQLP

exports[`ComposedChart Renders with data 1`] = `
<DocumentFragment>
  <div
    style="font-family: var(--sapFontFamily); width: 50%; height: 400px; position: relative;"
  >
    <div
      class="recharts-responsive-container"
      id="undefined"
      style="width: 400px; height: 400px;"
    >
      <div
        class="recharts-wrapper"
        style="position: relative; cursor: default; width: 400px; height: 400px;"
      >
        <svg
          class="recharts-surface"
          height="400"
          version="1.1"
          viewBox="0 0 400 400"
          width="400"
        >
          <defs>
            <clippath
              id="recharts1-clip"
            >
              <rect
                height="330"
                width="349"
                x="21"
                y="20"
              />
            </clippath>
          </defs>
          <g
            class="recharts-cartesian-grid"
          >
            <g
              class="recharts-cartesian-grid-horizontal"
            >
              <line
                fill="none"
                height="330"
                offset="[object Object]"
                stroke="var(--sapList_BorderColor)"
                width="349"
                x="21"
                x1="21"
                x2="370"
                y="20"
                y1="350"
                y2="350"
              />
              <line
                fill="none"
                height="330"
                offset="[object Object]"
                stroke="var(--sapList_BorderColor)"
                width="349"
                x="21"
                x1="21"
                x2="370"
                y="20"
                y1="267.5"
                y2="267.5"
              />
              <line
                fill="none"
                height="330"
                offset="[object Object]"
                stroke="var(--sapList_BorderColor)"
                width="349"
                x="21"
                x1="21"
                x2="370"
                y="20"
                y1="185"
                y2="185"
              />
              <line
                fill="none"
                height="330"
                offset="[object Object]"
                stroke="var(--sapList_BorderColor)"
                width="349"
                x="21"
                x1="21"
                x2="370"
                y="20"
                y1="102.5"
                y2="102.5"
              />
              <line
                fill="none"
                height="330"
                offset="[object Object]"
                stroke="var(--sapList_BorderColor)"
                width="349"
                x="21"
                x1="21"
                x2="370"
                y="20"
                y1="20"
                y2="20"
              />
            </g>
          </g>
          <g
            class="recharts-layer recharts-cartesian-axis recharts-xAxis xAxis"
          >
            <line
              class="recharts-cartesian-axis-line"
              fill="none"
              height="30"
              orientation="bottom"
              stroke="#666"
              type="category"
              width="349"
              x="21"
              x1="21"
              x2="370"
              y="350"
              y1="350"
              y2="350"
            />
            <g
              class="recharts-cartesian-axis-ticks"
            >
              <g
                class="recharts-layer recharts-cartesian-axis-tick"
              >
                <line
                  class="recharts-cartesian-axis-tick-line"
                  fill="none"
                  height="30"
                  orientation="bottom"
                  stroke="#666"
                  type="category"
                  width="349"
                  x="21"
                  x1="21"
                  x2="21"
                  y="350"
                  y1="356"
                  y2="350"
                />
                <g
                  style="direction: ltr;"
                  transform="translate(21,368)"
                >
                  <text
                    fill="var(--sapContent_LabelColor)"
                    text-anchor="end"
                    transform="rotate(-35)"
                  >
                    January 2...
                  </text>
                </g>
              </g>
              <g
                class="recharts-layer recharts-cartesian-axis-tick"
              >
                <line
                  class="recharts-cartesian-axis-tick-line"
                  fill="none"
                  height="30"
                  orientation="bottom"
                  stroke="#666"
                  type="category"
                  width="349"
                  x="21"
                  x1="52.72727272727273"
                  x2="52.72727272727273"
                  y="350"
                  y1="356"
                  y2="350"
                />
                <g
                  style="direction: ltr;"
                  transform="translate(52.72727272727273,368)"
                >
                  <text
                    fill="var(--sapContent_LabelColor)"
                    text-anchor="end"
                    transform="rotate(-35)"
                  >
                    February ...
                  </text>
                </g>
              </g>
              <g
                class="recharts-layer recharts-cartesian-axis-tick"
              >
                <line
                  class="recharts-cartesian-axis-tick-line"
                  fill="none"
                  height="30"
                  orientation="bottom"
                  stroke="#666"
                  type="category"
                  width="349"
                  x="21"
                  x1="84.45454545454545"
                  x2="84.45454545454545"
                  y="350"
                  y1="356"
                  y2="350"
                />
                <g
                  style="direction: ltr;"
                  transform="translate(84.45454545454545,368)"
                >
                  <text
                    fill="var(--sapContent_LabelColor)"
                    text-anchor="end"
                    transform="rotate(-35)"
                  >
                    March 2019
                  </text>
                </g>
              </g>
              <g
                class="recharts-layer recharts-cartesian-axis-tick"
              >
                <line
                  class="recharts-cartesian-axis-tick-line"
                  fill="none"
                  height="30"
                  orientation="bottom"
                  stroke="#666"
                  type="category"
                  width="349"
                  x="21"
                  x1="116.18181818181819"
                  x2="116.18181818181819"
                  y="350"
                  y1="356"
                  y2="350"
                />
                <g
                  style="direction: ltr;"
                  transform="translate(116.18181818181819,368)"
                >
                  <text
                    fill="var(--sapContent_LabelColor)"
                    text-anchor="end"
                    transform="rotate(-35)"
                  >
                    April 2019
                  </text>
                </g>
              </g>
              <g
                class="recharts-layer recharts-cartesian-axis-tick"
              >
                <line
                  class="recharts-cartesian-axis-tick-line"
                  fill="none"
                  height="30"
                  orientation="bottom"
                  stroke="#666"
                  type="category"
                  width="349"
                  x="21"
                  x1="147.9090909090909"
                  x2="147.9090909090909"
                  y="350"
                  y1="356"
                  y2="350"
                />
                <g
                  style="direction: ltr;"
                  transform="translate(147.9090909090909,368)"
                >
                  <text
                    fill="var(--sapContent_LabelColor)"
                    text-anchor="end"
                    transform="rotate(-35)"
                  >
                    May 2019
                  </text>
                </g>
              </g>
              <g
                class="recharts-layer recharts-cartesian-axis-tick"
              >
                <line
                  class="recharts-cartesian-axis-tick-line"
                  fill="none"
                  height="30"
                  orientation="bottom"
                  stroke="#666"
                  type="category"
                  width="349"
                  x="21"
                  x1="179.63636363636363"
                  x2="179.63636363636363"
                  y="350"
                  y1="356"
                  y2="350"
                />
                <g
                  style="direction: ltr;"
                  transform="translate(179.63636363636363,368)"
                >
                  <text
                    fill="var(--sapContent_LabelColor)"
                    text-anchor="end"
                    transform="rotate(-35)"
                  >
                    June 2019
                  </text>
                </g>
              </g>
              <g
                class="recharts-layer recharts-cartesian-axis-tick"
              >
                <line
                  class="recharts-cartesian-axis-tick-line"
                  fill="none"
                  height="30"
                  orientation="bottom"
                  stroke="#666"
                  type="category"
                  width="349"
                  x="21"
                  x1="211.36363636363637"
                  x2="211.36363636363637"
                  y="350"
                  y1="356"
                  y2="350"
                />
                <g
                  style="direction: ltr;"
                  transform="translate(211.36363636363637,368)"
                >
                  <text
                    fill="var(--sapContent_LabelColor)"
                    text-anchor="end"
                    transform="rotate(-35)"
                  >
                    July 2019
                  </text>
                </g>
              </g>
              <g
                class="recharts-layer recharts-cartesian-axis-tick"
              >
                <line
                  class="recharts-cartesian-axis-tick-line"
                  fill="none"
                  height="30"
                  orientation="bottom"
                  stroke="#666"
                  type="category"
                  width="349"
                  x="21"
                  x1="243.0909090909091"
                  x2="243.0909090909091"
                  y="350"
                  y1="356"
                  y2="350"
                />
                <g
                  style="direction: ltr;"
                  transform="translate(243.0909090909091,368)"
                >
                  <text
                    fill="var(--sapContent_LabelColor)"
                    text-anchor="end"
                    transform="rotate(-35)"
                  >
                    August 2019
                  </text>
                </g>
              </g>
              <g
                class="recharts-layer recharts-cartesian-axis-tick"
              >
                <line
                  class="recharts-cartesian-axis-tick-line"
                  fill="none"
                  height="30"
                  orientation="bottom"
                  stroke="#666"
                  type="category"
                  width="349"
                  x="21"
                  x1="274.8181818181818"
                  x2="274.8181818181818"
                  y="350"
                  y1="356"
                  y2="350"
                />
                <g
                  style="direction: ltr;"
                  transform="translate(274.8181818181818,368)"
                >
                  <text
                    fill="var(--sapContent_LabelColor)"
                    text-anchor="end"
                    transform="rotate(-35)"
                  >
                    September...
                  </text>
                </g>
              </g>
              <g
                class="recharts-layer recharts-cartesian-axis-tick"
              >
                <line
                  class="recharts-cartesian-axis-tick-line"
                  fill="none"
                  height="30"
                  orientation="bottom"
                  stroke="#666"
                  type="category"
                  width="349"
                  x="21"
                  x1="306.54545454545456"
                  x2="306.54545454545456"
                  y="350"
                  y1="356"
                  y2="350"
                />
                <g
                  style="direction: ltr;"
                  transform="translate(306.54545454545456,368)"
                >
                  <text
                    fill="var(--sapContent_LabelColor)"
                    text-anchor="end"
                    transform="rotate(-35)"
                  >
                    October 2...
                  </text>
                </g>
              </g>
              <g
                class="recharts-layer recharts-cartesian-axis-tick"
              >
                <line
                  class="recharts-cartesian-axis-tick-line"
                  fill="none"
                  height="30"
                  orientation="bottom"
                  stroke="#666"
                  type="category"
                  width="349"
                  x="21"
                  x1="338.27272727272725"
                  x2="338.27272727272725"
                  y="350"
                  y1="356"
                  y2="350"
                />
                <g
                  style="direction: ltr;"
                  transform="translate(338.27272727272725,368)"
                >
                  <text
                    fill="var(--sapContent_LabelColor)"
                    text-anchor="end"
                    transform="rotate(-35)"
                  >
                    November ...
                  </text>
                </g>
              </g>
              <g
                class="recharts-layer recharts-cartesian-axis-tick"
              >
                <line
                  class="recharts-cartesian-axis-tick-line"
                  fill="none"
                  height="30"
                  orientation="bottom"
                  stroke="#666"
                  type="category"
                  width="349"
                  x="21"
                  x1="370"
                  x2="370"
                  y="350"
                  y1="356"
                  y2="350"
                />
                <g
                  style="direction: ltr;"
                  transform="translate(370,368)"
                >
                  <text
                    fill="var(--sapContent_LabelColor)"
                    text-anchor="end"
                    transform="rotate(-35)"
                  >
                    December ...
                  </text>
                </g>
              </g>
            </g>
          </g>
          <g
            class="recharts-layer recharts-cartesian-axis recharts-yAxis yAxis"
          >
            <g
              class="recharts-cartesian-axis-ticks"
            >
              <g
                class="recharts-layer recharts-cartesian-axis-tick"
              >
                <line
                  class="recharts-cartesian-axis-tick-line"
                  fill="none"
                  height="330"
                  orientation="left"
                  stroke="transparent"
                  type="number"
                  width="11"
                  x="10"
                  x1="15"
                  x2="21"
                  y="20"
                  y1="350"
                  y2="350"
                />
                <g
                  transform="translate(13,353)"
                >
                  <text
                    fill="var(--sapContent_LabelColor)"
                    text-anchor="end"
                  >
                    0
                  </text>
                </g>
              </g>
              <g
                class="recharts-layer recharts-cartesian-axis-tick"
              >
                <line
                  class="recharts-cartesian-axis-tick-line"
                  fill="none"
                  height="330"
                  orientation="left"
                  stroke="transparent"
                  type="number"
                  width="11"
                  x="10"
                  x1="15"
                  x2="21"
                  y="20"
                  y1="267.5"
                  y2="267.5"
                />
                <g
                  transform="translate(13,270.5)"
                >
                  <text
                    fill="var(--sapContent_LabelColor)"
                    text-anchor="end"
                  >
                    250
                  </text>
                </g>
              </g>
              <g
                class="recharts-layer recharts-cartesian-axis-tick"
              >
                <line
                  class="recharts-cartesian-axis-tick-line"
                  fill="none"
                  height="330"
                  orientation="left"
                  stroke="transparent"
                  type="number"
                  width="11"
                  x="10"
                  x1="15"
                  x2="21"
                  y="20"
                  y1="185"
                  y2="185"
                />
                <g
                  transform="translate(13,188)"
                >
                  <text
                    fill="var(--sapContent_LabelColor)"
                    text-anchor="end"
                  >
                    500
                  </text>
                </g>
              </g>
              <g
                class="recharts-layer recharts-cartesian-axis-tick"
              >
                <line
                  class="recharts-cartesian-axis-tick-line"
                  fill="none"
                  height="330"
                  orientation="left"
                  stroke="transparent"
                  type="number"
                  width="11"
                  x="10"
                  x1="15"
                  x2="21"
                  y="20"
                  y1="102.5"
                  y2="102.5"
                />
                <g
                  transform="translate(13,105.5)"
                >
                  <text
                    fill="var(--sapContent_LabelColor)"
                    text-anchor="end"
                  >
                    750
                  </text>
                </g>
              </g>
              <g
                class="recharts-layer recharts-cartesian-axis-tick"
              >
                <line
                  class="recharts-cartesian-axis-tick-line"
                  fill="none"
                  height="330"
                  orientation="left"
                  stroke="transparent"
                  type="number"
                  width="11"
                  x="10"
                  x1="15"
                  x2="21"
                  y="20"
                  y1="20"
                  y2="20"
                />
                <g
                  transform="translate(13,23)"
                >
                  <text
                    fill="var(--sapContent_LabelColor)"
                    text-anchor="end"
                  >
                    1000
                  </text>
                </g>
              </g>
            </g>
          </g>
          <g
            class="recharts-layer recharts-bar"
          >
            <g
              class="recharts-layer recharts-bar-rectangles"
            >
              <g
                class="recharts-layer"
              >
                <g
                  class="recharts-layer recharts-bar-rectangle"
                />
                <g
                  class="recharts-layer recharts-bar-rectangle"
                />
                <g
                  class="recharts-layer recharts-bar-rectangle"
                />
                <g
                  class="recharts-layer recharts-bar-rectangle"
                />
                <g
                  class="recharts-layer recharts-bar-rectangle"
                />
                <g
                  class="recharts-layer recharts-bar-rectangle"
                />
                <g
                  class="recharts-layer recharts-bar-rectangle"
                />
                <g
                  class="recharts-layer recharts-bar-rectangle"
                />
                <g
                  class="recharts-layer recharts-bar-rectangle"
                />
                <g
                  class="recharts-layer recharts-bar-rectangle"
                />
                <g
                  class="recharts-layer recharts-bar-rectangle"
                />
                <g
                  class="recharts-layer recharts-bar-rectangle"
                />
              </g>
            </g>
          </g>
          <g
            class="recharts-layer recharts-line"
          >
            <path
              class="recharts-curve recharts-line-curve"
              d="M21,317C31.575757575757578,296.65000000000003,42.15151515151515,276.3,52.72727272727273,274.1C63.303030303030305,271.90000000000003,73.87878787878788,273,84.45454545454545,270.8C95.03030303030303,268.6,105.60606060606061,257.6,116.18181818181819,257.6C126.75757575757576,257.6,137.33333333333334,317,147.9090909090909,317C158.48484848484847,317,169.06060606060606,274.1,179.63636363636363,274.1C190.21212121212122,274.1,200.78787878787878,343.4,211.36363636363637,343.4C221.93939393939394,343.4,232.51515151515153,277.4,243.0909090909091,277.4C253.66666666666666,277.4,264.24242424242425,284,274.8181818181818,284C285.3939393939394,284,295.969696969697,267.5,306.54545454545456,267.5C317.1212121212121,267.5,327.6969696969697,270.8,338.27272727272725,270.8C348.8484848484848,270.8,359.42424242424244,264.20000000000005,370,257.6"
              fill="none"
              height="330"
              name="Users"
              points="[object Object],[object Object],[object Object],[object Object],[object Object],[object Object],[object Object],[object Object],[object Object],[object Object],[object Object],[object Object]"
              stroke="var(--sapChart_OrderedColor_2)"
              stroke-dasharray="0px 0px"
              stroke-opacity="1"
              stroke-width="1"
              type="monotone"
              width="349"
            />
          </g>
          <g
            class="recharts-layer recharts-line"
          >
            <path
              class="recharts-curve recharts-line-curve"
              d="M21,100.52C31.575757575757578,80.06,42.15151515151515,59.6,52.72727272727273,59.6C63.303030303030305,59.6,73.87878787878788,103.82000000000002,84.45454545454545,119.00000000000001C95.03030303030303,134.18,105.60606060606061,150.68,116.18181818181819,150.68C126.75757575757576,150.68,137.33333333333334,115.7,147.9090909090909,100.52C158.48484848484847,85.33999999999999,169.06060606060606,59.6,179.63636363636363,59.6C190.21212121212122,59.6,200.78787878787878,158.82,211.36363636363637,201.50000000000003C221.93939393939394,244.18,232.51515151515153,315.68,243.0909090909091,315.68C253.66666666666666,315.68,264.24242424242425,59.93,274.8181818181818,59.93C285.3939393939394,59.93,295.969696969697,284,306.54545454545456,284C317.1212121212121,284,327.6969696969697,119.00000000000001,338.27272727272725,119.00000000000001C348.8484848484848,119.00000000000001,359.42424242424244,134.84,370,150.68"
              fill="none"
              height="330"
              name="Vol."
              points="[object Object],[object Object],[object Object],[object Object],[object Object],[object Object],[object Object],[object Object],[object Object],[object Object],[object Object],[object Object]"
              stroke="var(--sapChart_OrderedColor_3)"
              stroke-dasharray="0px 0px"
              stroke-opacity="1"
              stroke-width="1"
              type="monotone"
              width="349"
            />
          </g>
        </svg>
        <div
          class="recharts-legend-wrapper"
          style="position: absolute; width: 360px; height: auto; left: 10px; bottom: 20px; margin-left: 11px; max-width: calc(100% - 21px);"
        >
          <ul
            class="recharts-default-legend"
            style="padding: 0px; margin: 0px; text-align: left;"
          >
            <li
              class="recharts-legend-item legend-item-0"
              style="display: inline-block; margin-right: 10px;"
            >
              <svg
                class="recharts-surface"
                height="14"
                style="display: inline-block; vertical-align: middle; margin-right: 4px;"
                version="1.1"
                viewBox="0 0 32 32"
                width="14"
              >
                <path
                  class="recharts-legend-icon"
                  d="M0,4h32v24h-32z"
                  fill="var(--sapChart_OrderedColor_1)"
                  stroke="none"
                />
              </svg>
              <span
                class="recharts-legend-item-text"
              >
                Active Sessions
              </span>
            </li>
            <li
              class="recharts-legend-item legend-item-1"
              style="display: inline-block; margin-right: 10px;"
            >
              <svg
                class="recharts-surface"
                height="14"
                style="display: inline-block; vertical-align: middle; margin-right: 4px;"
                version="1.1"
                viewBox="0 0 32 32"
                width="14"
              >
                <path
                  class="recharts-legend-icon"
                  d="M0,16h10.666666666666666
            A5.333333333333333,5.333333333333333,0,1,1,21.333333333333332,16
            H32M21.333333333333332,16
            A5.333333333333333,5.333333333333333,0,1,1,10.666666666666666,16"
                  fill="none"
                  stroke="var(--sapChart_OrderedColor_2)"
                  stroke-width="4"
                />
              </svg>
              <span
                class="recharts-legend-item-text"
              >
                Users
              </span>
            </li>
            <li
              class="recharts-legend-item legend-item-2"
              style="display: inline-block; margin-right: 10px;"
            >
              <svg
                class="recharts-surface"
                height="14"
                style="display: inline-block; vertical-align: middle; margin-right: 4px;"
                version="1.1"
                viewBox="0 0 32 32"
                width="14"
              >
                <path
                  class="recharts-legend-icon"
                  d="M0,16h10.666666666666666
            A5.333333333333333,5.333333333333333,0,1,1,21.333333333333332,16
            H32M21.333333333333332,16
            A5.333333333333333,5.333333333333333,0,1,1,10.666666666666666,16"
                  fill="none"
                  stroke="var(--sapChart_OrderedColor_3)"
                  stroke-width="4"
                />
              </svg>
              <span
                class="recharts-legend-item-text"
              >
                Vol.
              </span>
            </li>
          </ul>
        </div>
        <div
          class="recharts-tooltip-wrapper"
          style="transform: translate(undefinedpx, undefinedpx); pointer-events: none; visibility: hidden; position: absolute; top: 0px; left: 0px;"
        >
          <div
            class="recharts-default-tooltip"
            style="margin: 0px; padding: 10px; border: 1px solid #ccc; white-space: nowrap;"
          >
            <p
              class="recharts-tooltip-label"
              style="margin: 0px;"
            />
          </div>
        </div>
      </div>
    </div>
  </div>
</DocumentFragment>
`;

exports[`ComposedChart loading placeholder 1`] = `
<DocumentFragment>
  <div
    style="font-family: var(--sapFontFamily); width: 50%; height: 400px; position: relative;"
  >
    <svg
      aria-labelledby="TITLE_ARIA_ID"
      height="100%"
      preserveAspectRatio="xMidYMid meet"
      role="img"
      viewBox="0 0 165 145"
      width="100%"
    >
      <title
        id="TITLE_ARIA_ID"
      >
        Loading...
      </title>
      <rect
        clip-path="STYLE-URL"
        height="100%"
        role="presentation"
        style="fill: STYLE-URL;"
        width="100%"
        x="0"
        y="0"
      />
      <defs
        role="presentation"
      >
        <clippath
          id="DIFF_ID"
        >
          <rect
            height="1"
            width="135"
            x="10"
            y="135"
          />
          <rect
            height="85"
            width="15"
            x="20"
            y="50"
          />
          <rect
            height="117"
            width="15"
            x="40"
            y="18"
          />
          <rect
            height="67"
            width="15"
            x="60"
            y="68"
          />
          <rect
            height="75"
            width="15"
            x="80"
            y="60"
          />
          <rect
            height="125"
            width="15"
            x="100"
            y="10"
          />
          <rect
            height="60"
            width="15"
            x="120"
            y="75"
          />
        </clippath>
        <lineargradient
          id="DIFF_ID"
        >
          <stop
            offset="0%"
            stop-color="var(--sapContent_ImagePlaceholderBackground)"
            stop-opacity="var(--sapContent_DisabledOpacity)"
          >
            <animate
              attributeName="offset"
              dur="2s"
              keyTimes="0; 0.25; 1"
              repeatCount="indefinite"
              values="-2; -2; 1"
            />
          </stop>
          <stop
            offset="50%"
            stop-color="var(--sapContent_ImagePlaceholderForegroundColor)"
            stop-opacity="1"
          >
            <animate
              attributeName="offset"
              dur="2s"
              keyTimes="0; 0.25; 1"
              repeatCount="indefinite"
              values="-1; -1; 2"
            />
          </stop>
          <stop
            offset="100%"
            stop-color="var(--sapContent_ImagePlaceholderBackground)"
            stop-opacity="var(--sapContent_DisabledOpacity)"
          >
            <animate
              attributeName="offset"
              dur="2s"
              keyTimes="0; 0.25; 1"
              repeatCount="indefinite"
              values="0; 0; 3"
            />
          </stop>
        </lineargradient>
      </defs>
    </svg>
  </div>
</DocumentFragment>
`;
