// Jest Snapshot v1, https://goo.gl/fbAQLP

exports[`TimelineItem Basic Test (generated) 1`] = `
<ui5-timeline-item
  icon=""
  item-name="false"
  subtitle-text=""
  title-text=""
/>
`;
