// Jest Snapshot v1, https://goo.gl/fbAQLP

exports[`MessageBox Not open 1`] = `
<ui5-dialog>
  <header
    class="MessageBox-header-0"
    data-type="Success"
    slot="header"
  >
    <ui5-icon
      name="message-success"
    />
    <ui5-title
      level="H5"
    >
      Custom Success
    </ui5-title>
  </header>
  <footer
    class="MessageBox-footer-0"
    slot="footer"
  >
    <ui5-button
      data-action="OK"
      design="Emphasized"
    >
      OK
    </ui5-button>
  </footer>
  <span
    class="Text-text-0 MessageBox-content-0"
  >
    Custom Success
  </span>
</ui5-dialog>
`;
